data/simulated_sales_data_rank_3.csv
week,month,base_volume,oem_launch_spike,comp_a_impact,comp_b_impact,retail_support_spend,retail_visibility_multiplier,search_spend,social_spend,search_adstock,social_adstock,search_base_impact,social_base_impact,media_synergy,atl_contribution,list_price,promo_rebate_pct,effective_price,price_effect,market_leader_price,price_penalty,leader_penalty,sales
2024-06-09,6,19621,1.0,1.0,1.0,59017.152833332104,1.3725345514393028,36657.77038097064,42383.64286432345,36670.4872454448,48864.6286677161,0.15237165866178387,0.2526477788208349,1.0,0.40501943748261876,529.1633507462026,0.06751846550848244,493.43505330049214,1.9904915277026205,714.9367748602303,1.0,1.0,75315
2024-06-16,6,17470,1.0,1.0,1.0,59833.634528190196,1.3800176249891134,35008.85211112132,48097.63672881213,35507.34265141836,48634.53108604491,0.14343703468322594,0.25069214505061077,1.0,0.3941291797338367,523.8717172387405,0.06702944656254281,488.7568859624588,2.0,712.7919645356496,1.0,1.0,67221
2024-06-23,6,19149,1.0,1.0,1.0,66519.78912652301,1.4398694260316687,37660.92118087398,44148.207450416354,37014.8476220373,47288.633995356344,0.15504649873672707,0.23927386177084306,1.0,0.39432036050757013,518.6330000663531,0.04630317551505157,494.61864523638303,1.9851911211676923,710.6535886420427,1.0,1.0,76319
2024-06-30,6,16732,1.0,1.0,1.0,64230.57718501963,1.4196973371535313,36733.587965133054,44549.68646996809,36817.96586220433,46466.949737739866,0.15351560379089874,0.23232526399363113,1.0,0.38584086778452986,513.4466700656895,0.04857543851520354,488.50577291307764,2.0,708.5216278761166,1.0,1.0,65839
2024-07-07,7,16970,1.0,1.0,1.0,71882.99053721371,1.4855700592019119,38781.64013378012,51066.654065009716,38192.53785230738,47846.86103592082,0.16428975875536392,0.24400492320440947,1.0,0.40829468195977336,508.31220336503264,0.07968210493610149,467.8088170361991,2.0,706.3960629924882,1.0,1.0,71006
2024-07-14,7,17403,1.0,1.0,1.0,64459.4716037505,1.4217305818731336,38224.23300264819,45309.68856766749,38214.72445754595,47085.709295444816,0.16446525239422013,0.23755601382309355,1.0,0.4020212662173137,503.2290813313823,0.060475848618741446,472.7958755882373,2.0,704.2768748035107,1.0,1.0,69378
2024-07-21,7,17773,1.0,1.0,1.0,61788.28694164648,1.3977950973299929,41789.30620069217,43594.13371222513,40716.9316777483,46038.23662047891,0.18454667736127872,0.22870824243768004,1.0,0.4132549197989588,498.1967905180685,0.06887830658707296,463.8818392400692,2.0,702.1640441791002,1.0,1.0,70219
2024-07-28,7,17886,1.0,1.0,1.0,64184.7059155975,1.4192894486168366,36741.676622267914,45094.307375914934,37934.253138912034,45755.05784710971,0.16225035778839533,0.2263226221841507,1.0,0.38857297997254603,493.2148226128878,0.07415323815315392,456.6413464110088,2.0,700.0575520465629,1.0,1.0,70498
2024-08-04,8,25357,2.0,1.0,1.0,88332.48395635611,1.2072809611458095,136658.8662476009,63307.00185192942,107041.48231499424,51020.64104855562,0.6548930524382883,0.2710005778362969,1.0,0.9258936302745853,799.0,0.14958872379643554,679.478609686648,1.0,697.9573793904233,0.9,1.0,106123
2024-08-11,8,23970,2.0,1.0,1.0,88050.86679226856,1.2058485631093259,158377.52616910284,57282.722783458456,142976.71301287026,52899.265569026466,0.7820139142749791,0.2869994700506803,1.0,1.0690133843256595,799.0,0.10020038023666698,718.939896190903,1.0,695.863507252252,0.9,1.0,107645
2024-08-18,8,23837,2.0,1.0,1.0,81794.05963883316,1.1725612651095767,146077.80341425905,63922.412707953365,145147.47629384242,56206.209710704534,0.7876122139608313,0.3150534153171631,1.0,1.1026656292779944,799.0,0.10082899009487785,718.4376369141926,1.0,693.7759167304953,0.9,1.0,105786
2024-08-25,8,25455,2.0,1.0,1.0,87716.44890813937,1.204140262412793,149543.28266605822,60423.68604714677,148224.5407543935,57471.4526116372,0.7952299448988908,0.3257162900953173,1.0,1.120946234994208,799.0,0.14965422909652532,679.4262709518763,1.0,691.6945889803038,0.9,1.0,117017
2024-09-01,9,18135,1.0,0.8,1.0,73901.14165069452,1.5021458020724436,57198.83178063737,71718.9693768609,84506.54447276422,61745.70764120431,0.5301048322894264,0.36128187169288994,1.2,0.9974076704402016,791.01,0.05917532759383991,744.2017241199967,1.1313939242232913,799.0,1.0,1.0,49249
2024-09-08,9,17146,1.0,0.8,1.0,85387.3701876696,1.589361390341671,49654.1251932468,57937.384810888165,60109.85097710203,60603.21079210946,0.3477653604641275,0.3518554576216758,1.2,0.7691738901786287,783.0998999999999,0.07732096569126866,722.549859499264,1.1879487749159825,799.0,1.0,1.0,45818
2024-09-15,9,17281,1.0,0.8,1.0,82224.22305640834,1.5665860709450605,50591.71724332404,64239.89347709375,53447.157363457445,61694.21559760474,0.2916605091221196,0.36085844140717355,1.2,0.710851052353717,775.2689009999999,0.05076392385800668,735.9132095401554,1.1527183460293768,799.0,1.0,1.0,42711
2024-09-22,9,17481,1.0,0.8,1.0,68613.7832472059,1.457985587927522,49708.67736349098,60762.774210187,50830.221363480916,61414.78318137942,0.269378476744104,0.3585582305783755,1.2,0.6818124026713003,767.5162119899999,0.045978349572066035,732.2270832928957,1.162330564003259,799.0,1.0,1.0,39858
2024-09-29,9,18784,1.0,0.8,1.0,71483.08319225413,1.482243610489022,51833.2456459339,64150.20508118059,51532.33836119801,62235.40975131976,0.2753596086980293,0.36530185351352046,1.2,0.6957333839511556,759.8410498700998,0.02215056508508979,743.0101412406292,1.1344351374229114,799.0,1.0,1.0,42848
2024-10-06,10,18463,1.0,1.0,1.0,65642.78999081498,1.4321849865979832,42359.273212033986,52592.99770332683,45111.19275678319,59342.68613692188,0.22090990699420124,0.3413834742086135,1.0,0.5622933812028147,752.2426393713988,0.07758647133975322,693.8787873912695,1.2672114171830389,796.603,1.0,1.0,52349
2024-10-13,10,18970,1.0,1.0,1.0,70046.46493018257,1.4701824881058083,42548.37568562554,51337.32012365074,43317.22080697284,56941.07633294054,0.20592792331922868,0.3212526176515972,1.0,0.5271805409708259,744.7202129776848,0.026180161047809528,725.22331786637,1.1808154881248367,714.7918718999999,1.0,0.8,40234
2024-10-20,10,17950,1.0,1.0,1.0,74618.0250179517,1.5079472927322346,42072.548358657106,51139.867293155956,42445.95009315183,55200.71362100516,0.198714325551347,0.30654715297651947,1.0,0.5052614785278664,737.2730108479079,0.022464745598290817,720.7103602227238,1.1928819126554506,791.8305514269999,1.0,1.0,48602
2024-10-27,10,18491,1.0,1.0,1.0,79109.26810444117,1.5432264011249166,38714.468232215266,51447.44538585982,39833.91279049624,54074.73315046156,0.17739786577231165,0.29699449591773786,1.0,0.4743923616900495,729.9002807394288,0.03476399669029631,704.526029795557,1.237177373950789,789.455059772719,1.0,1.0,52051
2024-11-03,11,23130,1.0,1.0,1.0,76786.58081128195,1.525213773215275,41095.793126734716,57755.16472185984,40717.22902586317,55178.86262188104,0.18454909515240542,0.30636202319857586,1.0,0.4909111183509813,722.6012779320345,0.023931826035102945,705.308109855822,1.2349995319144509,787.0866945934008,1.0,1.0,64956
2024-11-10,11,22087,1.0,1.0,1.0,77205.26779966101,1.5284978035355132,45846.70717078077,54146.89187417069,44307.86372730549,54869.27139756793,0.2141815413375316,0.3037379114555368,1.0,0.5179194527930684,715.3752651527141,0.04730707054470574,681.5329570181971,1.302950927483589,784.7254345096206,1.0,1.0,66769
2024-11-17,11,22952,1.0,1.0,1.0,69783.55485130672,1.4679566918953122,44816.447932723335,59320.54892269716,44663.87267109798,56204.6546551067,0.21715969966316548,0.3150402804308699,1.0,0.5321999800940354,708.2215125011869,0.05096526807542674,672.1268132597797,1.330855472144338,782.3712582060917,1.0,1.0,68703
2024-11-24,11,28213,1.0,1.0,1.0,79750.67039727546,1.5481115079023327,46700.77154343323,59215.49791115646,46089.70188173265,57107.907631921626,0.22914211834337866,0.3226576695730281,1.0,0.5517997879164067,701.139297376175,0.03875419694171504,673.9672069620831,1.32534907713848,780.0241444314735,1.0,1.0,89829
2024-12-01,12,18736,1.0,1.0,1.0,75295.92794070218,1.5133908595147418,47207.90725244255,58410.11381296831,46872.445641229584,57498.56948623563,0.2357518775005241,0.3259442551973238,1.0,0.5616961326978479,694.1279044024133,0.023057628954493165,678.1229607357425,1.3129988645010942,777.6840719981791,1.0,1.0,58141
2024-12-08,12,22027,1.0,1.0,1.0,78004.80286316964,1.5347239079879609,46102.48286411737,58952.1003282538,46333.471697251036,57934.62873884108,0.2311984557736158,0.32960658035273543,1.0,0.5608050361263512,687.1866253583892,0.0266960220949536,668.841476024465,1.3407420213197057,775.3510197821846,1.0,1.0,70742
2024-12-15,12,21118,1.0,1.0,1.0,76311.69610916206,1.5214693800635937,47368.26617075172,58199.25400242599,47057.82782870151,58014.016317916554,0.23732007293696528,0.3302726013234083,1.0,0.5675926742603736,680.3147591048053,0.043070262679395684,651.0134237254915,1.3956866686825753,695.7224700505542,1.0,0.8,56237
2024-12-22,12,28768,1.0,1.0,1.0,80268.68722873721,1.552028533351046,46328.42274823014,63442.71990819321,46547.24427237155,59642.62739499955,0.23300338076178265,0.34388170087096065,1.0,0.5768850816327433,673.5116115137572,0.02363170704959217,657.5953824159653,1.3751441854946755,770.7058918226695,1.0,1.0,96818
2024-12-29,12,27431,1.0,1.0,1.0,71995.35804321684,1.4865022753935642,46952.12941120294,57103.71748684248,46830.66386955353,58880.95442255243,0.23539857243982668,0.33753026539228353,1.0,0.5729288378321102,666.7764953986197,0.061891383536594805,625.5087755887171,1.4782276105487777,768.3937741472015,1.0,1.0,94810
2025-01-05,1,16562,1.0,1.0,0.85,66144.77377304505,1.4365902644176605,52429.849516538314,66629.87544849515,50750.093822442876,61205.630730335244,0.2686959299040833,0.35683395211338204,1.2,0.679269067998282,660.1087304446335,0.03242123249148872,638.7071918252266,1.4349215893502778,766.0885928247599,1.0,1.0,48731
2025-01-12,1,18838,1.0,1.0,0.85,84166.23556014149,1.5806822699594343,53821.01032403821,64921.24243660623,52899.73537355961,62320.31424221654,0.2870034682189447,0.36599754067065354,1.2,0.7104017025333871,653.5076431401872,0.03812429412701831,628.5931255388562,1.4679917887886516,763.7903270462856,1.0,1.0,63550
2025-01-19,1,18811,1.0,1.0,0.85,67122.88709362985,1.4451212383576564,54825.617851308096,63866.675584746445,54247.85310798355,62784.22264497551,0.2984647991540908,0.3697917726059932,1.2,0.7279495315909021,646.9725667087853,0.043647546630685846,618.733801434589,1.5009625165141482,761.4989560651468,1.0,1.0,59928
2025-01-26,1,19017,1.0,1.0,0.85,68116.0721077268,1.4537101385735827,56473.37403608529,63071.5600283558,55805.71775765477,62870.42385998959,0.31166844989725634,0.3704954916220183,1.2,0.7444976314987259,640.5028410416974,0.04499657798414887,611.6824050056957,1.5249964448880844,759.2144591969513,1.0,1.0,62514
2025-02-02,2,18318,1.0,1.0,1.0,82824.56764160657,1.570982158611226,41032.51765555086,49608.60806030725,45464.47768618203,58891.87912008488,0.22387778302713798,0.33762153465283246,1.0,0.5614993176799704,634.0978126312804,0.020099642460488034,621.3526733124141,1.4921331545500887,756.9368158193605,1.0,1.0,67049
2025-02-09,2,18024,1.0,1.0,1.0,88205.33584620204,1.6088465910222898,42882.33451146423,52087.958855043784,43656.977463879564,56850.703040572545,0.20875278763630045,0.32049112591194256,1.0,0.529243913548243,627.7568345049675,0.026724222259921854,610.9805213344717,1.52740969923816,754.6660053719024,1.0,1.0,67732
2025-02-16,2,18345,1.0,1.0,1.0,67862.16685587329,1.4515216014092507,41328.32241616924,53327.885385493144,42026.91893048234,55793.85774404872,0.19526179000359853,0.3115681437411278,1.0,0.5068299337447263,621.4792661599179,0.07176587382445268,576.8782635601718,1.6493799117998338,752.4020073557867,1.0,1.0,66179
2025-02-23,2,16868,1.0,1.0,1.0,71918.75521605984,1.4858668854046553,41644.91566534374,52503.42617565649,41759.51664488532,54806.728273531044,0.19306465965171926,0.30320754212493173,1.0,0.496272201776651,615.2644734983187,0.020073983750714487,602.9136644549216,1.5554212947309327,750.1448013337193,1.0,1.0,58331
2025-03-02,3,18993,1.0,1.0,1.0,90267.77775470255,1.6226294779990202,51939.038084048145,60553.39416771086,48885.181652299296,56530.72804178498,0.25282250252708244,0.3177929731072602,1.0,0.5706154756343427,609.1118287633356,0.0504900413487725,578.3577473430482,1.6438916719360157,747.8943669297182,1.0,1.0,79571
2025-03-09,3,19125,1.0,1.0,1.0,97251.48822202795,1.6663564965944964,46317.87925789169,65580.55369205988,47088.06997621397,59245.675736867444,0.23757599156889805,0.3405746469671255,1.0,0.5781506385360236,603.0207104757022,0.04937012039043248,573.2495054015927,1.6629187320888879,745.650683828929,1.0,1.0,83635
2025-03-16,3,19463,1.0,1.0,1.0,83721.71460785881,1.5774874847399314,47735.05534385048,65128.23801690284,47540.959733559524,61010.444420878055,0.24141141873873673,0.3552228433353769,1.2,0.644916545821861,596.9905033709452,0.039985649660638264,573.1194502524265,1.663406022568416,743.4137317774422,1.0,1.0,84007
2025-03-23,3,20899,1.0,1.0,1.0,87477.61077028945,1.603887102652334,47387.62920511436,62461.05507773395,47433.628363647906,61445.62761793482,0.24050197201353365,0.3588123292019252,1.2,0.6474146956181656,591.0205983372358,0.045879621208786976,563.9047971589328,1.6982974329583198,667.0651415238989,1.0,0.8,75024
2025-03-30,3,19567,1.0,1.0,1.0,92638.68788030872,1.6379793888289265,45708.76776030339,61011.25156600586,46226.225941306744,61315.31480235613,0.23029352667914899,0.35773847532860364,1.2,0.6340907073435824,585.1103923538634,0.06683486825159506,546.0046163682539,1.7681822707867207,738.9599401103635,1.0,1.0,92605
2025-04-06,4,20112,1.0,1.0,1.0,83573.83037233309,1.5764204500285584,44843.47111968965,59395.28376248941,45258.29756617478,60739.30549039612,0.2221450809224924,0.3529817054554966,1.2,0.6195558025624874,579.2592884303248,0.07047222237289738,538.4375990444966,1.7985830331496395,736.7430602900324,1.0,1.0,92353
2025-04-13,4,21837,1.0,1.0,1.0,79563.2196438495,1.5466878384429052,47720.86779945549,58341.42076245832,46982.096729471275,60019.940072014775,0.2366793252385222,0.34701876297982576,1.2,0.6310339532660524,573.4666955460215,0.035620912604915005,553.0392885021473,1.7403813069769354,734.5328311091623,1.0,1.0,95874
2025-04-20,4,20144,1.0,1.0,1.0,80818.8851774198,1.5561610810216548,45674.231867234856,53460.61822175486,46066.591325905785,58052.143516936805,0.22894727413645627,0.3305923870461279,1.0,0.5595396611825842,567.7320285905613,0.03934942645806379,545.3920988836496,1.77062385057648,659.0963093542514,1.0,0.8,69248
2025-04-27,4,21271,1.0,1.0,1.0,74657.5209581501,1.5082655820703936,46661.580163883715,57628.55923204679,46483.08351249034,57925.06823146979,0.23246150303512067,0.3295263571541117,1.0,0.5619878601892324,562.0547083046557,0.034548971181699965,542.6362963848994,1.7816506364568998,730.1322449179874,1.0,1.0,89282
2025-05-04,5,18584,1.0,1.0,1.0,72969.13128012668,1.4945351410126346,44258.434993421586,53386.107436223145,44925.82954914221,56563.379992895796,0.2193548043999865,0.3180684484946639,1.0,0.5374232528946504,556.4341612216092,0.04879180403306391,529.2847346699822,1.8360543067133586,727.9418481832333,1.0,1.0,78401
2025-05-11,5,19298,1.0,1.0,1.0,72868.06254995523,1.493705237573269,44755.372264535385,49925.91564053674,44806.50944991743,54572.140687188075,0.2183545634625275,0.30121751320220264,1.0,0.5195720766647302,550.8698196093931,0.06099550145952877,517.269238723398,1.8864326756300287,725.7580226386837,1.0,1.0,82630
2025-05-18,5,18577,1.0,1.0,1.0,75400.84944813128,1.5142296654931653,41981.72413054772,53219.53017851233,42829.15972635864,54166.35753458535,0.20188146367534784,0.2977727238365459,1.0,0.4996541875118937,545.3611214132991,0.03369517252780523,526.9850843373207,1.8455910152963761,723.5807485707676,1.0,1.0,77856
2025-05-25,5,19177,1.0,1.0,1.0,71503.36390590492,1.4824126346394348,44847.17177913879,48310.53254422663,44241.76816330475,52409.61003747774,0.2136292926367539,0.28283126643317313,1.0,0.49646055906992703,539.907510199166,0.039844144523292,518.3953573335797,1.8816529782665894,721.4100063250553,1.0,1.0,80048
2025-06-01,6,19262,1.0,1.0,1.0,65529.692612725696,1.431189996396625,36020.25331686822,48803.558300036515,38486.70777079918,51327.79451624537,0.16662052731768998,0.27361716076622883,1.0,0.44023768808391883,534.5084350971744,0.07582307705534903,493.98036083606723,1.9880477549107685,719.2457763060801,1.0,1.0,78933
2025-06-08,6,16893,1.0,1.0,1.0,68269.57908909915,1.455030865025463,34178.203552345076,48560.099955178295,35470.75481788131,50497.48614792524,0.1431585929184968,0.2665442937778099,1.0,0.4097028866963067,529.1633507462026,0.022914157390817484,517.0380184417518,1.8874155682591909,717.0880389771619,1.0,1.0,65399
2025-06-15,6,18896,1.0,1.0,1.0,64017.14663834233,1.41779832736126,34681.19929560253,44079.947997091105,34918.06595228617,48572.224702675,0.13897265949982268,0.25016274460400156,1.0,0.38913540410382425,523.8717172387405,0.04764617631437397,498.91123303306966,1.966086033900232,714.9367748602303,1.0,1.0,73169
2025-06-22,6,18719,1.0,1.0,1.0,65032.78204199602,1.4268077333467137,32925.926974869966,45949.11301351722,33523.56866809483,47785.29119592766,0.1285868803401807,0.24348274436541523,1.0,0.3720696247055959,518.6330000663531,0.06269348249580667,486.11809115494555,2.0,712.7919645356496,1.0,1.0,73291
2025-06-29,6,17954,1.0,1.0,1.0,63573.77673788933,1.4138439156768132,34127.732292532695,37650.23410260038,33946.48320520134,44744.77406792947,0.1317091082622514,0.2178372950707325,1.0,0.3495464033329839,513.4466700656895,0.029027240693448444,498.54272999044315,1.9677188963562773,710.6535886420427,1.0,1.0,67408
2025-07-06,7,16216,1.0,1.0,1.0,67068.42196545708,1.4446480660483219,37317.96662385114,44073.457019204005,36306.5215982562,44543.37895331183,0.14955896464804777,0.21615105337143778,1.0,0.36571001801948555,508.31220336503264,0.02284244120032891,496.70111174825723,1.9758995801838284,708.5216278761166,1.0,1.0,63216
