data/simulated_sales_data_rank_3.csv
week,month,base_volume,oem_launch_spike,comp_a_impact,comp_b_impact,retail_support_spend,retail_visibility_multiplier,search_spend,social_spend,search_adstock,social_adstock,search_base_impact,social_base_impact,media_synergy,atl_contribution,list_price,promo_rebate_pct,effective_price,price_effect,market_leader_price,price_penalty,leader_penalty,sales
2025-07-13,7,17547,1.0,1.0,1.0,63496.209832285764,1.413150795723596,39659.170038757205,46683.66323954361,38653.375506606906,45185.46423918136,0.16794478165172638,0.2215334185120238,1.0,0.3894782001637502,503.2290813313823,0.028292322298311846,488.99156197247146,2.0,706.3960629924882,1.0,1.0,68908
2025-07-20,7,17025,1.0,1.0,1.0,68722.47130836654,1.458916651627449,41511.53966233197,44371.10093571942,40654.09041561445,44941.15524814278,0.18403585778789,0.21948332273478022,1.0,0.4035191805226702,498.1967905180685,0.07512939161184097,460.7675687434742,2.0,704.2768748035107,1.0,1.0,69721
2025-07-27,7,17696,1.0,1.0,1.0,66689.56700793255,1.4413505895191256,35323.63696924592,49753.18944789198,36922.77300315648,46384.76550806753,0.15433002387381559,0.23163140377438898,1.0,0.38596142764820457,493.2148226128878,0.020555586909267405,483.0765024617297,2.0,702.1640441791002,1.0,1.0,70701
2025-08-03,8,24728,2.0,1.0,1.0,100081.84154465297,1.262115406348082,154780.96480955952,69501.88959224398,119423.5072676386,53319.902733320465,0.7071182026656921,0.29057824557573875,1.0,0.9976964482414309,799.0,0.12923194170670826,695.7436785763401,1.0,700.0575520465629,0.9,1.0,112225
2025-08-10,8,26686,2.0,1.0,1.0,97530.77451237621,1.2510095110984505,146252.7363650548,60010.1558417121,138203.96763582993,55326.97866583796,0.7690134131399144,0.30761670205066316,1.0,1.0766301151905777,799.0,0.10634549877592567,714.0299464780354,1.0,697.9573793904233,0.9,1.0,124788
2025-08-17,8,24418,2.0,1.0,1.0,91641.2327627825,1.2236892355913094,155416.18253077922,61057.60978774442,150252.51806229443,57046.1680024099,0.8000552221102684,0.3221378027799276,1.0,1.122193024890196,799.0,0.1448651099877047,683.2527771198239,1.0,695.863507252252,0.9,1.0,114140
2025-08-24,8,23454,2.0,1.0,1.0,85944.71395152617,1.1949564798498167,151853.48009587365,64306.34510492979,151373.19148579988,59224.22113316586,0.8026575418414,0.3403957150012705,1.0,1.1430532568426706,799.0,0.14401901500638462,683.9288070098987,1.0,693.7759167304953,0.9,1.0,108112
2025-08-31,8,24947,2.0,1.0,1.0,84245.94264008291,1.185939847617553,141726.5650449148,68463.34844549886,144620.55297718034,61995.95932686576,0.7862707150636425,0.3633377777938391,1.2,1.30686263587021,799.0,0.12681002065556876,697.6787934962006,1.0,691.6945889803038,0.9,1.0,122850
2025-09-07,9,18753,1.0,0.8,1.0,80835.71476544433,1.5562870359506342,57585.57217807806,64197.740181094385,83696.06641780875,62656.49358313435,0.5248205219835708,0.36874827530202176,1.2,0.9985329016823066,791.01,0.05415272302584061,748.1746545593298,1.1213128119879578,799.0,1.0,1.0,52322
2025-09-14,9,19814,1.0,0.8,1.0,76233.74612573569,1.5208527758705714,53624.998146697304,69968.74087699708,62646.31862803074,64850.167771293156,0.36866511107297834,0.386539052851588,1.2,0.828937186139162,783.0998999999999,0.055411722965967566,739.706985286523,1.1429084134901015,799.0,1.0,1.0,50391
2025-09-21,9,19332,1.0,0.8,1.0,77360.71701695805,1.5297129614003573,53835.859380228765,76133.06551817113,56478.997154569355,68235.03709535654,0.3173564695423587,0.41339439687888424,1.2,0.7942221603297146,775.2689009999999,0.07096611998538674,720.251075150695,1.1941168081541385,799.0,1.0,1.0,50687
2025-09-28,9,18893,1.0,0.8,1.0,66277.07006512904,1.4377482422247223,52468.64373064681,62620.63932210086,53671.74975782356,66550.71776337983,0.2935700710241861,0.40012673582435027,1.2,0.7524108210533735,767.5162119899999,0.020284483574712436,751.9475419945632,1.1118224670800108,799.0,1.0,1.0,42339
2025-10-05,10,19925,1.0,1.0,1.0,79677.1924077909,1.5475538451211872,41211.43344662489,49306.7923794625,44949.52833998449,61377.54014820462,0.21955354219557668,0.3582513556437546,1.2,0.6217156062784466,759.8410498700998,0.071202167560542,705.7387201178708,1.2338020574534032,796.603,1.0,1.0,61697
2025-10-12,10,17467,1.0,1.0,1.0,77352.10169107182,1.5296456734128716,43395.78088138984,51904.180180617484,43861.905118968236,58535.53215792848,0.21045964810922624,0.3346420105679763,1.0,0.5451016586772026,752.2426393713988,0.057147145185618434,709.2541200444286,1.224069490906695,794.2131909999999,1.0,1.0,50532
2025-10-19,10,17981,1.0,1.0,1.0,69567.84657792762,1.4661262916784545,42181.51131812719,51638.23476143376,42685.6294583795,56466.34293898006,0.20069415916241926,0.31724968169917966,1.0,0.517943840861599,744.7202129776848,0.029764609166297456,722.5539069001622,1.1879379431895332,791.8305514269999,1.0,1.0,47537
2025-10-26,10,17719,1.0,1.0,1.0,72802.37596275026,1.4931653881962557,43237.324004564965,55662.80386326093,43071.81564070933,56225.28121626432,0.20389156094392638,0.3152144986174618,1.0,0.5191060595613882,737.2730108479079,0.06637624328811705,688.3355981101046,1.283135301781052,789.455059772719,1.0,1.0,51571
2025-11-02,11,22272,1.0,1.0,1.0,84038.5860217826,1.5797667819799406,47583.8437078577,59299.97915946252,46230.23528771319,57147.69059922377,0.230327350152925,0.32299258913629864,1.0,0.5533199392892236,729.9002807394288,0.07132949250743514,677.836864133251,1.3138453952555087,787.0866945934008,1.0,1.0,71805
2025-11-09,11,21156,1.0,1.0,1.0,83026.33399178121,1.5724518920873525,49523.32331105634,53277.613821073624,48535.39690405339,55986.66756577873,0.24984986037966278,0.3131983763152106,1.0,0.5630482366948734,722.6012779320345,0.03525580902524944,697.1253852758614,1.2579768603169788,784.7254345096206,1.0,1.0,65411
2025-11-16,11,23447,1.0,1.0,1.0,81347.14407098222,1.5601018143111416,46218.42769827125,60176.23120870244,46913.51846000589,57243.53665865584,0.23609923762965235,0.3237992728861937,1.0,0.559898510515846,715.3752651527141,0.07512762085416085,661.6308234638763,1.36269925839786,782.3712582060917,1.0,1.0,77756
2025-11-23,11,29222,1.0,1.0,1.0,82334.55865967019,1.567396593825468,43972.284366308544,56924.88333793305,44854.65459441775,57147.940662438996,0.21875808042599548,0.3229946941725403,1.0,0.5417527745985358,708.2215125011869,0.04726744581791947,674.7456905319522,1.3230267431196816,780.0241444314735,1.0,1.0,93426
2025-11-30,11,17905,1.0,1.0,1.0,81636.11310896557,1.5622462562798143,49082.44483314397,62508.34165082373,47814.1077615261,58756.06095895442,0.24372712933390903,0.336486514073674,1.0,0.5802136434075831,701.139297376175,0.05620546725999928,661.7314355527996,1.362390423269222,777.6840719981791,1.0,1.0,60220
2025-12-07,12,21587,1.0,1.0,1.0,83702.81256051235,1.5773512165727448,46307.0236558055,56829.737390689246,46759.148887521675,58178.16388847487,0.23479396492080334,0.33164898074477983,1.0,0.5664429456655832,694.1279044024133,0.07907897201705862,639.2369832739153,1.4332099995277359,775.3510197821846,1.0,1.0,76444
2025-12-14,12,23104,1.0,1.0,1.0,90341.45986496579,1.623114449033746,49221.18488915476,56830.1541506933,48482.574088664835,57773.76096714039,0.24940112636322273,0.3282562843911089,1.0,0.5776574107543316,687.1866253583892,0.041692164718351965,658.5363273816988,1.3722322753899838,773.024966722838,1.0,1.0,81185
2025-12-21,12,29633,1.0,1.0,1.0,70194.70779534351,1.471435010243217,47780.754226364945,60390.8948324136,47991.30018505491,58558.901126722354,0.24523025384535127,0.3348375592337889,1.0,0.5800678130791401,680.3147591048053,0.06878956074920677,633.5162056547833,1.451800547454761,770.7058918226695,1.0,1.0,100022
2025-12-28,12,31288,1.0,1.0,1.0,81887.74867745159,1.5641071726127005,46773.72493959332,61083.77944701082,47138.99751323179,59316.36462280889,0.23800701386953357,0.3411640570761558,1.0,0.5791710709456894,673.5116115137572,0.03910394706970758,647.1746491062898,1.4078089825632552,768.3937741472015,1.0,1.0,108797
2026-01-04,1,19205,1.0,1.0,0.85,76442.56210686223,1.5225033090317384,56520.81732452037,71265.08751935119,53706.2713811338,62900.98149177157,0.29386352239223673,0.3707448548008181,1.2,0.7233810816715022,666.7764953986197,0.06795281133448947,621.4671580045251,1.4917483637121434,766.0885928247599,1.0,1.0,63895
2026-01-11,1,19016,1.0,1.0,0.85,77079.9699484355,1.5275167117707196,60712.63265632838,62976.17046219925,58610.72427377,62923.53818289987,0.3352711328114351,0.37092889341698837,1.2,0.7732542527907105,660.1087304446335,0.056044035131758554,623.1135735648139,1.486225611068405,763.7903270462856,1.0,1.0,65069
2026-01-18,1,17712,1.0,1.0,0.85,73780.42709339355,1.5011643928327139,61066.14937553975,71680.83431572017,60329.52184500883,65550.72702274595,0.34958789554187936,0.3921591981602653,1.2,0.8116646728105206,653.5076431401872,0.032981341713524084,631.9540842493809,1.4569186839953525,761.4989560651468,1.0,1.0,59652
2026-01-25,1,16652,1.0,1.0,0.85,66896.39108760709,1.443152068863749,55872.39095134522,65581.19859846984,57209.53021944431,65559.86849546312,0.32351309384412325,0.3922323285140724,1.2,0.7804480411270203,646.9725667087853,0.04484156562735418,617.9613038996155,1.503576908056179,759.2144591969513,1.0,1.0,54683
2026-02-01,2,18893,1.0,1.0,1.0,77359.97741857055,1.529707185210318,43180.38118663415,54280.82833476479,47389.1258964772,62176.15644725361,0.24012497604447564,0.3648161168338017,1.2,0.6529660880871725,640.5028410416974,0.0390581380618137,615.4859926473068,1.5119849071488949,756.9368158193605,1.0,1.0,72230
2026-02-08,2,17890,1.0,1.0,1.0,84396.75107082093,1.5823315549974417,45032.48031493277,49328.79669380282,45739.4739893961,58321.94852121837,0.2261914229517579,0.33285379046986213,1.0,0.5590452134216201,634.0978126312804,0.024686503584821832,618.4441547066306,1.501942245371483,754.6660053719024,1.0,1.0,66285
2026-02-15,2,18265,1.0,1.0,1.0,68130.69297541931,1.4538360110307706,41208.677934465304,54963.96644262919,42567.91675094454,57314.553897641614,0.1997213643417431,0.32439679056868653,1.0,0.5241181549104297,627.7568345049675,0.02179008620598185,614.07795896471,1.516788599745841,752.4020073557867,1.0,1.0,61387
2026-02-22,2,18086,1.0,1.0,1.0,80159.14006849095,1.5512022994094656,43586.14074523651,51230.20328707788,43280.67354694892,55489.24871447249,0.2056244376842434,0.3089906859249885,1.0,0.5146151236092319,621.4792661599179,0.04078871932443086,596.1299228065677,1.5793746220947087,750.1448013337193,1.0,1.0,67111
2026-03-01,3,20589,1.0,1.0,1.0,89413.37388438552,1.616968470454918,51476.27430409229,60562.09604921844,49017.59407694927,57011.10291489627,0.25394831017062924,0.3218424893447835,1.0,0.5757907995154128,615.2644734983187,0.021142048869049194,602.2565219322274,1.557725678703153,747.8943669297182,1.0,1.0,81719
2026-03-08,3,21845,1.0,1.0,1.0,90797.37827085577,1.626103920675483,52179.81642291511,66581.4604094472,51231.14971912536,59882.210163261545,0.27279385990226973,0.34587438043613905,1.0,0.6186682403384087,609.1118287633356,0.0299292654549065,590.8815591485542,1.5981593449533926,745.650683828929,1.0,1.0,91892
2026-03-15,3,20907,1.0,1.0,1.0,85887.50744648026,1.5928749433042206,49909.26238810119,65194.93356503025,50305.82858740844,61476.027183792154,0.2649120022256632,0.3590627156813045,1.2,0.6769571183521004,603.0207104757022,0.06351099925105212,564.722262584311,1.6951727278643738,743.4137317774422,1.0,1.0,94669
2026-03-22,3,20585,1.0,1.0,1.0,89527.71913822062,1.6177300792281344,48420.86501338206,62658.06959582131,48986.35408558998,61830.6399074009,0.2536826757503429,0.36197998739289505,1.2,0.6663991982933066,596.9905033709452,0.06248547414101527,559.6872687101284,1.7145103932017947,741.1834905821098,1.0,1.0,95142
2026-03-29,3,19680,1.0,1.0,1.0,97748.22297349479,1.6692973396425241,47478.033128017414,68883.5365470632,47930.52941528919,63946.50889929959,0.24471465736485185,0.37924469550562684,1.2,0.6729022843434491,591.0205983372358,0.06431482318744296,553.0092130550397,1.740499229548377,738.9599401103635,1.0,1.0,95654
2026-04-05,4,19021,1.0,1.0,1.0,86601.27620993853,1.597847929159182,45109.231774020795,57858.04273529078,45955.62106640131,62119.969050096945,0.2280119520293682,0.3643553400228525,1.2,0.6379696824580943,585.1103923538634,0.039029190267798726,562.2740075230181,1.704548230554114,736.7430602900324,1.0,1.0,84856
2026-04-12,4,20260,1.0,1.0,1.0,92393.55802704972,1.6364166790778318,46448.64943012134,59303.82302191281,46300.74092100533,61275.1252416417,0.23092223570970127,0.357407117132261,1.2,0.6345137999839026,579.2592884303248,0.07340116742706172,536.7409804165699,1.80547067707332,661.0795479982461,1.0,0.8,78271
2026-04-19,4,20714,1.0,1.0,1.0,89663.05944488847,1.6186299315498944,46801.616826702484,60041.74034303581,46651.35405499334,60905.10977205993,0.23388292992890222,0.35435260950449704,1.2,0.6350121254191796,573.4666955460215,0.05562983288170685,541.5648391095716,1.785956372334493,732.3292326158348,1.0,1.0,97904
2026-04-26,4,22611,1.0,1.0,1.0,86015.43339464789,1.593769808800907,51284.46232485904,57403.502197614165,49894.529843899334,59854.6274997262,0.2614098715185025,0.3456450969490986,1.0,0.6070549684676011,567.7320285905613,0.02756158050479759,552.0844365794105,1.744129080624465,730.1322449179874,1.0,1.0,101007
